C51 COMPILER V9.57.0.0   DHT11                                                             08/08/2026 15:33:52 PAGE 1   


C51 COMPILER V9.57.0.0, COMPILATION OF MODULE DHT11
OBJECT MODULE PLACED IN .\Objects\DHT11.obj
COMPILER INVOKED BY: E:\tools\keil\core\C51\BIN\C51.exe DHT11.c OPTIMIZE(8,SPEED) BROWSE DEBUG OBJECTEXTEND PRINT(.\List
                    -ings\DHT11.lst) TABS(2) OBJECT(.\Objects\DHT11.obj)

line level    source

   1          #include "DHT11.h"
   2          #include "intrins.h"
   3          
   4          sbit DATA = P3^3;
   5          
   6          
   7          void Delay1us(unsigned char microseconds) /* 约 1 us @ 11.0592 MHz */
   8          {
   9   1          unsigned char i;
  10   1      
  11   1          for(i = 0; i < microseconds; i++)
  12   1              _nop_();
  13   1      }
  14          
  15          
  16          static bit WaitWhile(bit level, unsigned char timeout)
  17          {
  18   1          while(DATA == level)
  19   1          {
  20   2              if(timeout-- == 0)
  21   2                  return 0;
  22   2              Delay1us(1);
  23   2          }
  24   1      
  25   1          return 1;
  26   1      }
  27          
  28          
  29          static bit ReadByte(unsigned char *value)
  30          {
  31   1          unsigned char i;
  32   1          unsigned char high_time;
  33   1          unsigned char result = 0;
  34   1      
  35   1          for(i = 0; i < 8; i++)
  36   1          {
  37   2              if(!WaitWhile(0, 100))
  38   2                  return 0;
  39   2      
  40   2              high_time = 0;
  41   2              while(DATA)
  42   2              {
  43   3                  if(high_time++ >= 100)
  44   3                      return 0;
  45   3                  Delay1us(1);
  46   3              }
  47   2      
  48   2              result <<= 1;
  49   2              if(high_time > 30)
  50   2                  result |= 0x01;
  51   2          }
  52   1      
  53   1          *value = result;
  54   1          return 1;
C51 COMPILER V9.57.0.0   DHT11                                                             08/08/2026 15:33:52 PAGE 2   

  55   1      }
  56          
  57          
  58          int *DHT11_Read(void)
  59          {
  60   1          unsigned char humidity_integer;
  61   1          unsigned char humidity_decimal;
  62   1          unsigned char temp_integer;
  63   1          unsigned char temp_decimal;
  64   1          unsigned char checksum;
  65   1          static int sensor_values[2] = {-1, -1};
  66   1      
  67   1          sensor_values[0] = -1;
  68   1          sensor_values[1] = -1;
  69   1      
  70   1          DATA = 0;
  71   1          delay1ms(20);
  72   1          DATA = 1;
  73   1          Delay1us(30);
  74   1      
  75   1          if(!WaitWhile(1, 100))
  76   1              return sensor_values;
  77   1          if(!WaitWhile(0, 100))
  78   1              return sensor_values;
  79   1          if(!WaitWhile(1, 100))
  80   1              return sensor_values;
  81   1      
  82   1          if(!ReadByte(&humidity_integer))
  83   1              return sensor_values;
  84   1          if(!ReadByte(&humidity_decimal))
  85   1              return sensor_values;
  86   1          if(!ReadByte(&temp_integer))
  87   1              return sensor_values;
  88   1          if(!ReadByte(&temp_decimal))
  89   1              return sensor_values;
  90   1          if(!ReadByte(&checksum))
  91   1              return sensor_values;
  92   1      
  93   1          if(checksum == (unsigned char)(humidity_integer + humidity_decimal
  94   1                                        + temp_integer + temp_decimal))
  95   1          {
  96   2              sensor_values[0] = humidity_integer;
  97   2              sensor_values[1] = temp_integer;
  98   2          }
  99   1      
 100   1          return sensor_values;
 101   1      }


MODULE INFORMATION:   STATIC OVERLAYABLE
   CODE SIZE        =    260    ----
   CONSTANT SIZE    =   ----    ----
   XDATA SIZE       =   ----    ----
   PDATA SIZE       =   ----    ----
   DATA SIZE        =      4       9
   IDATA SIZE       =   ----    ----
   BIT SIZE         =   ----       1
END OF MODULE INFORMATION.


C51 COMPILATION COMPLETE.  0 WARNING(S),  0 ERROR(S)
