C51 COMPILER V9.57.0.0   HX711                                                             08/08/2026 15:33:52 PAGE 1   


C51 COMPILER V9.57.0.0, COMPILATION OF MODULE HX711
OBJECT MODULE PLACED IN .\Objects\hx711.obj
COMPILER INVOKED BY: E:\tools\keil\core\C51\BIN\C51.exe hx711.c OPTIMIZE(8,SPEED) BROWSE DEBUG OBJECTEXTEND PRINT(.\List
                    -ings\hx711.lst) TABS(2) OBJECT(.\Objects\hx711.obj)

line level    source

   1          #include "HX711.h"
   2          /*****************称重模块引脚定义*******************/
   3          sbit ADDO = P3^2;
   4          sbit ADSK = P3^4;
   5          unsigned long ReadWeight(void)//读取称重传感器函数
   6          {
   7   1        unsigned long Count=0;
   8   1        unsigned char i=0;
   9   1        ADSK=0; //使能AD（PD_SCK 置低）
  10   1        Count=0;
  11   1        while(ADDO); //AD转换未结束则等待，否则开始读取
  12   1        for (i=0;i<24;i++)
  13   1        {
  14   2          ADSK=1; //PD_SCK 置高（发送脉冲）
  15   2          Count=Count<<1; //下降沿来时变量Count左移一位，右侧补零
  16   2          ADSK=0; //PD_SCK 置低
  17   2          if(ADDO) Count++;
  18   2        }
  19   1        ADSK=1;
  20   1        Count=Count^0x800000;//第25个脉冲下降沿来时，转换数据
  21   1        ADSK=0;
  22   1        return(Count);
  23   1      }


MODULE INFORMATION:   STATIC OVERLAYABLE
   CODE SIZE        =     55    ----
   CONSTANT SIZE    =   ----    ----
   XDATA SIZE       =   ----    ----
   PDATA SIZE       =   ----    ----
   DATA SIZE        =   ----    ----
   IDATA SIZE       =   ----    ----
   BIT SIZE         =   ----    ----
END OF MODULE INFORMATION.


C51 COMPILATION COMPLETE.  0 WARNING(S),  0 ERROR(S)
